"Running Make libs in ps7_cortexa9_0/libsrc/scugic_v3_5/src"
make -C ps7_cortexa9_0/libsrc/scugic_v3_5/src -s libs  "SHELL=CMD" "COMPILER=arm-none-eabi-gcc" "ARCHIVER=arm-none-eabi-ar" "COMPILER_FLAGS=  -O2 -c" "EXTRA_COMPILER_FLAGS=-mcpu=cortex-a9 -mfpu=vfpv3 -mfloat-abi=hard -nostartfiles"
"Compiling scugic"
"Running Make libs in ps7_cortexa9_0/libsrc/scutimer_v2_1/src"
make -C ps7_cortexa9_0/libsrc/scutimer_v2_1/src -s libs  "SHELL=CMD" "COMPILER=arm-none-eabi-gcc" "ARCHIVER=arm-none-eabi-ar" "COMPILER_FLAGS=  -O2 -c" "EXTRA_COMPILER_FLAGS=-mcpu=cortex-a9 -mfpu=vfpv3 -mfloat-abi=hard -nostartfiles"
"Compiling scutimer"
"Running Make libs in ps7_cortexa9_0/libsrc/scuwdt_v2_1/src"
make -C ps7_cortexa9_0/libsrc/scuwdt_v2_1/src -s libs  "SHELL=CMD" "COMPILER=arm-none-eabi-gcc" "ARCHIVER=arm-none-eabi-ar" "COMPILER_FLAGS=  -O2 -c" "EXTRA_COMPILER_FLAGS=-mcpu=cortex-a9 -mfpu=vfpv3 -mfloat-abi=hard -nostartfiles"
"Compiling scuwdt"
"Running Make libs in ps7_cortexa9_0/libsrc/sdps_v3_1/src"
make -C ps7_cortexa9_0/libsrc/sdps_v3_1/src -s libs  "SHELL=CMD" "COMPILER=arm-none-eabi-gcc" "ARCHIVER=arm-none-eabi-ar" "COMPILER_FLAGS=  -O2 -c" "EXTRA_COMPILER_FLAGS=-mcpu=cortex-a9 -mfpu=vfpv3 -mfloat-abi=hard -nostartfiles"
"Compiling sdps"
"Running Make libs in ps7_cortexa9_0/libsrc/standalone_v6_1/src"
make -C ps7_cortexa9_0/libsrc/standalone_v6_1/src -s libs  "SHELL=CMD" "COMPILER=arm-none-eabi-gcc" "ARCHIVER=arm-none-eabi-ar" "COMPILER_FLAGS=  -O2 -c" "EXTRA_COMPILER_FLAGS=-mcpu=cortex-a9 -mfpu=vfpv3 -mfloat-abi=hard -nostartfiles"
"Compiling standalone"
"Running Make libs in ps7_cortexa9_0/libsrc/StateController_v1_0/src"
make -C ps7_cortexa9_0/libsrc/StateController_v1_0/src -s libs  "SHELL=CMD" "COMPILER=arm-none-eabi-gcc" "ARCHIVER=arm-none-eabi-ar" "COMPILER_FLAGS=  -O2 -c" "EXTRA_COMPILER_FLAGS=-mcpu=cortex-a9 -mfpu=vfpv3 -mfloat-abi=hard -nostartfiles"
"Compiling StateController..."
"Running Make libs in ps7_cortexa9_0/libsrc/sysmon_v7_3/src"
make -C ps7_cortexa9_0/libsrc/sysmon_v7_3/src -s libs  "SHELL=CMD" "COMPILER=arm-none-eabi-gcc" "ARCHIVER=arm-none-eabi-ar" "COMPILER_FLAGS=  -O2 -c" "EXTRA_COMPILER_FLAGS=-mcpu=cortex-a9 -mfpu=vfpv3 -mfloat-abi=hard -nostartfiles"
"Compiling sysmon"
"Running Make libs in ps7_cortexa9_0/libsrc/ttcps_v3_2/src"
make -C ps7_cortexa9_0/libsrc/ttcps_v3_2/src -s libs  "SHELL=CMD" "COMPILER=arm-none-eabi-gcc" "ARCHIVER=arm-none-eabi-ar" "COMPILER_FLAGS=  -O2 -c" "EXTRA_COMPILER_FLAGS=-mcpu=cortex-a9 -mfpu=vfpv3 -mfloat-abi=hard -nostartfiles"
"Compiling ttcps"
"Running Make libs in ps7_cortexa9_0/libsrc/uartps_v3_3/src"
make -C ps7_cortexa9_0/libsrc/uartps_v3_3/src -s libs  "SHELL=CMD" "COMPILER=arm-none-eabi-gcc" "ARCHIVER=arm-none-eabi-ar" "COMPILER_FLAGS=  -O2 -c" "EXTRA_COMPILER_FLAGS=-mcpu=cortex-a9 -mfpu=vfpv3 -mfloat-abi=hard -nostartfiles"
"Compiling uartps"
"Running Make libs in ps7_cortexa9_0/libsrc/usbps_v2_4/src"
make -C ps7_cortexa9_0/libsrc/usbps_v2_4/src -s libs  "SHELL=CMD" "COMPILER=arm-none-eabi-gcc" "ARCHIVER=arm-none-eabi-ar" "COMPILER_FLAGS=  -O2 -c" "EXTRA_COMPILER_FLAGS=-mcpu=cortex-a9 -mfpu=vfpv3 -mfloat-abi=hard -nostartfiles"
"Compiling usbps"
"Running Make libs in ps7_cortexa9_0/libsrc/xadcps_v2_2/src"
make -C ps7_cortexa9_0/libsrc/xadcps_v2_2/src -s libs  "SHELL=CMD" "COMPILER=arm-none-eabi-gcc" "ARCHIVER=arm-none-eabi-ar" "COMPILER_FLAGS=  -O2 -c" "EXTRA_COMPILER_FLAGS=-mcpu=cortex-a9 -mfpu=vfpv3 -mfloat-abi=hard -nostartfiles"
"Compiling xadcps"
'Finished building libraries'
15:39:07 **** Build of configuration Debug for project motorcontrol ****
make pre-build main-build 
a9-linaro-pre-build-step
' '
'Building file: ../src/helloworld.c'
'Invoking: ARM v7 gcc compiler'
arm-none-eabi-gcc -Wall -O0 -g3 -c -fmessage-length=0 -MT"src/helloworld.o" -mcpu=cortex-a9 -mfpu=vfpv3 -mfloat-abi=hard -I../../motorcontrol_bsp/ps7_cortexa9_0/include -MMD -MP -MF"src/helloworld.d" -MT"src/helloworld.o" -o "src/helloworld.o" "../src/helloworld.c"
'Finished building: ../src/helloworld.c'
' '
'Building file: ../src/platform.c'
'Invoking: ARM v7 gcc compiler'
arm-none-eabi-gcc -Wall -O0 -g3 -c -fmessage-length=0 -MT"src/platform.o" -mcpu=cortex-a9 -mfpu=vfpv3 -mfloat-abi=hard -I../../motorcontrol_bsp/ps7_cortexa9_0/include -MMD -MP -MF"src/platform.d" -MT"src/platform.o" -o "src/platform.o" "../src/platform.c"
'Finished building: ../src/platform.c'
' '
'Building target: motorcontrol.elf'
'Invoking: ARM v7 gcc linker'
arm-none-eabi-gcc -mcpu=cortex-a9 -mfpu=vfpv3 -mfloat-abi=hard -Wl,-build-id=none -specs=Xilinx.spec -Wl,-T -Wl,../src/lscript.ld -L../../motorcontrol_bsp/ps7_cortexa9_0/lib -o "motorcontrol.elf"  ./src/helloworld.o ./src/platform.o   -Wl,--start-group,-lxil,-lgcc,-lc,--end-group
'Finished building target: motorcontrol.elf'
' '
'Invoking: ARM v7 Print Size'
arm-none-eabi-size motorcontrol.elf  |tee "motorcontrol.elf.size"
   text	   data	    bss	    dec	    hex	filename
  22328	   1148	  22568	  46044	   b3dc	motorcontrol.elf
'Finished building: motorcontrol.elf.size'
' '
15:50:24 **** Auto Build of configuration Debug for project motorcontrol ****
make pre-build main-build 
a9-linaro-pre-build-step
' '
'Building file: ../src/helloworld.c'
'Invoking: ARM v7 gcc compiler'
arm-none-eabi-gcc -Wall -O0 -g3 -c -fmessage-length=0 -MT"src/helloworld.o" -mcpu=cortex-a9 -mfpu=vfpv3 -mfloat-abi=hard -I../../motorcontrol_bsp/ps7_cortexa9_0/include -MMD -MP -MF"src/helloworld.d" -MT"src/helloworld.o" -o "src/helloworld.o" "../src/helloworld.c"
'Finished building: ../src/helloworld.c'
' '
'Building target: motorcontrol.elf'
'Invoking: ARM v7 gcc linker'
arm-none-eabi-gcc -mcpu=cortex-a9 -mfpu=vfpv3 -mfloat-abi=hard -Wl,-build-id=none -specs=Xilinx.spec -Wl,-T -Wl,../src/lscript.ld -L../../motorcontrol_bsp/ps7_cortexa9_0/lib -o "motorcontrol.elf"  ./src/helloworld.o ./src/platform.o   -Wl,--start-group,-lxil,-lgcc,-lc,--end-group
'Finished building target: motorcontrol.elf'
' '
'Invoking: ARM v7 Print Size'
arm-none-eabi-size motorcontrol.elf  |tee "motorcontrol.elf.size"
   text	   data	    bss	    dec	    hex	filename
  22424	   1148	  22568	  46140	   b43c	motorcontrol.elf
'Finished building: motorcontrol.elf.size'
' '
15:51:22 **** Auto Build of configuration Debug for project motorcontrol ****
make pre-build main-build 
a9-linaro-pre-build-step
' '
'Building file: ../src/helloworld.c'
'Invoking: ARM v7 gcc compiler'
arm-none-eabi-gcc -Wall -O0 -g3 -c -fmessage-length=0 -MT"src/helloworld.o" -mcpu=cortex-a9 -mfpu=vfpv3 -mfloat-abi=hard -I../../motorcontrol_bsp/ps7_cortexa9_0/include -MMD -MP -MF"src/helloworld.d" -MT"src/helloworld.o" -o "src/helloworld.o" "../src/helloworld.c"
'Finished building: ../src/helloworld.c'
' '
'Building target: motorcontrol.elf'
'Invoking: ARM v7 gcc linker'
arm-none-eabi-gcc -mcpu=cortex-a9 -mfpu=vfpv3 -mfloat-abi=hard -Wl,-build-id=none -specs=Xilinx.spec -Wl,-T -Wl,../src/lscript.ld -L../../motorcontrol_bsp/ps7_cortexa9_0/lib -o "motorcontrol.elf"  ./src/helloworld.o ./src/platform.o   -Wl,--start-group,-lxil,-lgcc,-lc,--end-group
'Finished building target: motorcontrol.elf'
' '
'Invoking: ARM v7 Print Size'
arm-none-eabi-size motorcontrol.elf  |tee "motorcontrol.elf.size"
   text	   data	    bss	    dec	    hex	filename
  22452	   1148	  22568	  46168	   b458	motorcontrol.elf
'Finished building: motorcontrol.elf.size'
' '
15:55:17 **** Auto Build of configuration Debug for project motorcontrol ****
make pre-build main-build 
a9-linaro-pre-build-step
' '
'Building file: ../src/helloworld.c'
'Invoking: ARM v7 gcc compiler'
arm-none-eabi-gcc -Wall -O0 -g3 -c -fmessage-length=0 -MT"src/helloworld.o" -mcpu=cortex-a9 -mfpu=vfpv3 -mfloat-abi=hard -I../../motorcontrol_bsp/ps7_cortexa9_0/include -MMD -MP -MF"src/helloworld.d" -MT"src/helloworld.o" -o "src/helloworld.o" "../src/helloworld.c"
../src/helloworld.c: In function 'init_adc':
../src/helloworld.c:74:23: warning: unused variable 'XADC_CR2' [-Wunused-variable]
  static volatile u32 *XADC_CR2   = (u32*) (((u32)XADC_BASE_ADDR)+0x00000308);
                       ^
../src/helloworld.c:73:23: warning: unused variable 'XADC_CR1' [-Wunused-variable]
  static volatile u32 *XADC_CR1   = (u32*) (((u32)XADC_BASE_ADDR)+0x00000304);
                       ^
../src/helloworld.c:72:23: warning: unused variable 'XADC_CR0' [-Wunused-variable]
  static volatile u32 *XADC_CR0   = (u32*) (((u32)XADC_BASE_ADDR)+0x00000300);
                       ^
../src/helloworld.c:71:23: warning: unused variable 'XADC_VAUX_15' [-Wunused-variable]
  static volatile u32 *XADC_VAUX_15  = (u32*) (((u32)XADC_BASE_ADDR)+0x0000027C);
                       ^
../src/helloworld.c:70:23: warning: unused variable 'XADC_VAUX_14' [-Wunused-variable]
  static volatile u32 *XADC_VAUX_14  = (u32*) (((u32)XADC_BASE_ADDR)+0x00000278);
                       ^
../src/helloworld.c:69:23: warning: unused variable 'XADC_VAUX_07' [-Wunused-variable]
  static volatile u32 *XADC_VAUX_07  = (u32*) (((u32)XADC_BASE_ADDR)+0x0000025C);
                       ^
../src/helloworld.c:68:23: warning: unused variable 'XADC_VAUX_06' [-Wunused-variable]
  static volatile u32 *XADC_VAUX_06  = (u32*) (((u32)XADC_BASE_ADDR)+0x00000258);
                       ^
../src/helloworld.c:67:23: warning: unused variable 'XADC_IPIER' [-Wunused-variable]
  static volatile u32 *XADC_IPIER   = (u32*) (((u32)XADC_BASE_ADDR)+0x00000068);
                       ^
../src/helloworld.c:66:23: warning: unused variable 'XADC_IPISR' [-Wunused-variable]
  static volatile u32 *XADC_IPISR   = (u32*) (((u32)XADC_BASE_ADDR)+0x00000060);
                       ^
../src/helloworld.c:65:23: warning: unused variable 'XADC_GIER' [-Wunused-variable]
  static volatile u32 *XADC_GIER   = (u32*) (((u32)XADC_BASE_ADDR)+0x0000005C);
                       ^
../src/helloworld.c:64:23: warning: unused variable 'XADC_SYSMONRR' [-Wunused-variable]
  static volatile u32 *XADC_SYSMONRR  = (u32*) (((u32)XADC_BASE_ADDR)+0x00000010);
                       ^
../src/helloworld.c:63:23: warning: unused variable 'XADC_CONVSTR' [-Wunused-variable]
  static volatile u32 *XADC_CONVSTR  = (u32*) (((u32)XADC_BASE_ADDR)+0x0000000C);
                       ^
../src/helloworld.c:62:23: warning: unused variable 'XADC_AOSR' [-Wunused-variable]
  static volatile u32 *XADC_AOSR   = (u32*) (((u32)XADC_BASE_ADDR)+0x00000008);
                       ^
../src/helloworld.c:61:23: warning: unused variable 'XADC_SR' [-Wunused-variable]
  static volatile u32 *XADC_SR   = (u32*) (((u32)XADC_BASE_ADDR)+0x00000004);
                       ^
../src/helloworld.c:60:23: warning: unused variable 'XADC_SRR' [-Wunused-variable]
  static volatile u32 *XADC_SRR   = (u32*) (((u32)XADC_BASE_ADDR)+0x00000000);
                       ^
'Finished building: ../src/helloworld.c'
' '
'Building target: motorcontrol.elf'
'Invoking: ARM v7 gcc linker'
arm-none-eabi-gcc -mcpu=cortex-a9 -mfpu=vfpv3 -mfloat-abi=hard -Wl,-build-id=none -specs=Xilinx.spec -Wl,-T -Wl,../src/lscript.ld -L../../motorcontrol_bsp/ps7_cortexa9_0/lib -o "motorcontrol.elf"  ./src/helloworld.o ./src/platform.o   -Wl,--start-group,-lxil,-lgcc,-lc,--end-group
'Finished building target: motorcontrol.elf'
' '
'Invoking: ARM v7 Print Size'
arm-none-eabi-size motorcontrol.elf  |tee "motorcontrol.elf.size"
   text	   data	    bss	    dec	    hex	filename
  22452	   1204	  22568	  46224	   b490	motorcontrol.elf
'Finished building: motorcontrol.elf.size'
' '
15:56:42 **** Auto Build of configuration Debug for project motorcontrol ****
make pre-build main-build 
a9-linaro-pre-build-step
' '
'Building file: ../src/helloworld.c'
'Invoking: ARM v7 gcc compiler'
arm-none-eabi-gcc -Wall -O0 -g3 -c -fmessage-length=0 -MT"src/helloworld.o" -mcpu=cortex-a9 -mfpu=vfpv3 -mfloat-abi=hard -I../../motorcontrol_bsp/ps7_cortexa9_0/include -MMD -MP -MF"src/helloworld.d" -MT"src/helloworld.o" -o "src/helloworld.o" "../src/helloworld.c"
../src/helloworld.c:55:22: warning: 'XADC_SRR' defined but not used [-Wunused-variable]
 static volatile u32 *XADC_SRR   = (u32*) (((u32)XADC_BASE_ADDR)+0x00000000);
                      ^
../src/helloworld.c:56:22: warning: 'XADC_SR' defined but not used [-Wunused-variable]
 static volatile u32 *XADC_SR   = (u32*) (((u32)XADC_BASE_ADDR)+0x00000004);
                      ^
../src/helloworld.c:57:22: warning: 'XADC_AOSR' defined but not used [-Wunused-variable]
 static volatile u32 *XADC_AOSR   = (u32*) (((u32)XADC_BASE_ADDR)+0x00000008);
                      ^
../src/helloworld.c:58:22: warning: 'XADC_CONVSTR' defined but not used [-Wunused-variable]
 static volatile u32 *XADC_CONVSTR  = (u32*) (((u32)XADC_BASE_ADDR)+0x0000000C);
                      ^
../src/helloworld.c:59:22: warning: 'XADC_SYSMONRR' defined but not used [-Wunused-variable]
 static volatile u32 *XADC_SYSMONRR  = (u32*) (((u32)XADC_BASE_ADDR)+0x00000010);
                      ^
../src/helloworld.c:60:22: warning: 'XADC_GIER' defined but not used [-Wunused-variable]
 static volatile u32 *XADC_GIER   = (u32*) (((u32)XADC_BASE_ADDR)+0x0000005C);
                      ^
../src/helloworld.c:61:22: warning: 'XADC_IPISR' defined but not used [-Wunused-variable]
 static volatile u32 *XADC_IPISR   = (u32*) (((u32)XADC_BASE_ADDR)+0x00000060);
                      ^
../src/helloworld.c:62:22: warning: 'XADC_IPIER' defined but not used [-Wunused-variable]
 static volatile u32 *XADC_IPIER   = (u32*) (((u32)XADC_BASE_ADDR)+0x00000068);
                      ^
../src/helloworld.c:63:22: warning: 'XADC_VAUX_06' defined but not used [-Wunused-variable]
 static volatile u32 *XADC_VAUX_06  = (u32*) (((u32)XADC_BASE_ADDR)+0x00000258);
                      ^
../src/helloworld.c:64:22: warning: 'XADC_VAUX_07' defined but not used [-Wunused-variable]
 static volatile u32 *XADC_VAUX_07  = (u32*) (((u32)XADC_BASE_ADDR)+0x0000025C);
                      ^
../src/helloworld.c:65:22: warning: 'XADC_VAUX_14' defined but not used [-Wunused-variable]
 static volatile u32 *XADC_VAUX_14  = (u32*) (((u32)XADC_BASE_ADDR)+0x00000278);
                      ^
../src/helloworld.c:66:22: warning: 'XADC_VAUX_15' defined but not used [-Wunused-variable]
 static volatile u32 *XADC_VAUX_15  = (u32*) (((u32)XADC_BASE_ADDR)+0x0000027C);
                      ^
../src/helloworld.c:67:22: warning: 'XADC_CR0' defined but not used [-Wunused-variable]
 static volatile u32 *XADC_CR0   = (u32*) (((u32)XADC_BASE_ADDR)+0x00000300);
                      ^
../src/helloworld.c:68:22: warning: 'XADC_CR1' defined but not used [-Wunused-variable]
 static volatile u32 *XADC_CR1   = (u32*) (((u32)XADC_BASE_ADDR)+0x00000304);
                      ^
../src/helloworld.c:69:22: warning: 'XADC_CR2' defined but not used [-Wunused-variable]
 static volatile u32 *XADC_CR2   = (u32*) (((u32)XADC_BASE_ADDR)+0x00000308);
                      ^
'Finished building: ../src/helloworld.c'
' '
'Building target: motorcontrol.elf'
'Invoking: ARM v7 gcc linker'
arm-none-eabi-gcc -mcpu=cortex-a9 -mfpu=vfpv3 -mfloat-abi=hard -Wl,-build-id=none -specs=Xilinx.spec -Wl,-T -Wl,../src/lscript.ld -L../../motorcontrol_bsp/ps7_cortexa9_0/lib -o "motorcontrol.elf"  ./src/helloworld.o ./src/platform.o   -Wl,--start-group,-lxil,-lgcc,-lc,--end-group
'Finished building target: motorcontrol.elf'
' '
'Invoking: ARM v7 Print Size'
arm-none-eabi-size motorcontrol.elf  |tee "motorcontrol.elf.size"
   text	   data	    bss	    dec	    hex	filename
  22452	   1204	  22568	  46224	   b490	motorcontrol.elf
'Finished building: motorcontrol.elf.size'
' '
15:57:16 **** Auto Build of configuration Debug for project motorcontrol ****
make pre-build main-build 
a9-linaro-pre-build-step
' '
'Building file: ../src/helloworld.c'
'Invoking: ARM v7 gcc compiler'
arm-none-eabi-gcc -Wall -O0 -g3 -c -fmessage-length=0 -MT"src/helloworld.o" -mcpu=cortex-a9 -mfpu=vfpv3 -mfloat-abi=hard -I../../motorcontrol_bsp/ps7_cortexa9_0/include -MMD -MP -MF"src/helloworld.d" -MT"src/helloworld.o" -o "src/helloworld.o" "../src/helloworld.c"
../src/helloworld.c: In function 'init_adc':
../src/helloworld.c:90:2: warning: implicit declaration of function 'usleep' [-Wimplicit-function-declaration]
  usleep(500);
  ^
../src/helloworld.c: At top level:
../src/helloworld.c:56:22: warning: 'XADC_SR' defined but not used [-Wunused-variable]
 static volatile u32 *XADC_SR   = (u32*) (((u32)XADC_BASE_ADDR)+0x00000004);
                      ^
../src/helloworld.c:63:22: warning: 'XADC_VAUX_06' defined but not used [-Wunused-variable]
 static volatile u32 *XADC_VAUX_06  = (u32*) (((u32)XADC_BASE_ADDR)+0x00000258);
                      ^
../src/helloworld.c:64:22: warning: 'XADC_VAUX_07' defined but not used [-Wunused-variable]
 static volatile u32 *XADC_VAUX_07  = (u32*) (((u32)XADC_BASE_ADDR)+0x0000025C);
                      ^
../src/helloworld.c:65:22: warning: 'XADC_VAUX_14' defined but not used [-Wunused-variable]
 static volatile u32 *XADC_VAUX_14  = (u32*) (((u32)XADC_BASE_ADDR)+0x00000278);
                      ^
../src/helloworld.c:66:22: warning: 'XADC_VAUX_15' defined but not used [-Wunused-variable]
 static volatile u32 *XADC_VAUX_15  = (u32*) (((u32)XADC_BASE_ADDR)+0x0000027C);
                      ^
'Finished building: ../src/helloworld.c'
' '
'Building target: motorcontrol.elf'
'Invoking: ARM v7 gcc linker'
arm-none-eabi-gcc -mcpu=cortex-a9 -mfpu=vfpv3 -mfloat-abi=hard -Wl,-build-id=none -specs=Xilinx.spec -Wl,-T -Wl,../src/lscript.ld -L../../motorcontrol_bsp/ps7_cortexa9_0/lib -o "motorcontrol.elf"  ./src/helloworld.o ./src/platform.o   -Wl,--start-group,-lxil,-lgcc,-lc,--end-group
'Finished building target: motorcontrol.elf'
' '
'Invoking: ARM v7 Print Size'
arm-none-eabi-size motorcontrol.elf  |tee "motorcontrol.elf.size"
   text	   data	    bss	    dec	    hex	filename
  25144	   1212	  22568	  48924	   bf1c	motorcontrol.elf
'Finished building: motorcontrol.elf.size'
' '
15:57:36 **** Auto Build of configuration Debug for project motorcontrol ****
make pre-build main-build 
a9-linaro-pre-build-step
' '
'Building file: ../src/helloworld.c'
'Invoking: ARM v7 gcc compiler'
arm-none-eabi-gcc -Wall -O0 -g3 -c -fmessage-length=0 -MT"src/helloworld.o" -mcpu=cortex-a9 -mfpu=vfpv3 -mfloat-abi=hard -I../../motorcontrol_bsp/ps7_cortexa9_0/include -MMD -MP -MF"src/helloworld.d" -MT"src/helloworld.o" -o "src/helloworld.o" "../src/helloworld.c"
../src/helloworld.c:57:22: warning: 'XADC_SR' defined but not used [-Wunused-variable]
 static volatile u32 *XADC_SR   = (u32*) (((u32)XADC_BASE_ADDR)+0x00000004);
                      ^
../src/helloworld.c:64:22: warning: 'XADC_VAUX_06' defined but not used [-Wunused-variable]
 static volatile u32 *XADC_VAUX_06  = (u32*) (((u32)XADC_BASE_ADDR)+0x00000258);
                      ^
../src/helloworld.c:65:22: warning: 'XADC_VAUX_07' defined but not used [-Wunused-variable]
 static volatile u32 *XADC_VAUX_07  = (u32*) (((u32)XADC_BASE_ADDR)+0x0000025C);
                      ^
../src/helloworld.c:66:22: warning: 'XADC_VAUX_14' defined but not used [-Wunused-variable]
 static volatile u32 *XADC_VAUX_14  = (u32*) (((u32)XADC_BASE_ADDR)+0x00000278);
                      ^
../src/helloworld.c:67:22: warning: 'XADC_VAUX_15' defined but not used [-Wunused-variable]
 static volatile u32 *XADC_VAUX_15  = (u32*) (((u32)XADC_BASE_ADDR)+0x0000027C);
                      ^
'Finished building: ../src/helloworld.c'
' '
'Building target: motorcontrol.elf'
'Invoking: ARM v7 gcc linker'
arm-none-eabi-gcc -mcpu=cortex-a9 -mfpu=vfpv3 -mfloat-abi=hard -Wl,-build-id=none -specs=Xilinx.spec -Wl,-T -Wl,../src/lscript.ld -L../../motorcontrol_bsp/ps7_cortexa9_0/lib -o "motorcontrol.elf"  ./src/helloworld.o ./src/platform.o   -Wl,--start-group,-lxil,-lgcc,-lc,--end-group
'Finished building target: motorcontrol.elf'
' '
'Invoking: ARM v7 Print Size'
arm-none-eabi-size motorcontrol.elf  |tee "motorcontrol.elf.size"
   text	   data	    bss	    dec	    hex	filename
  25144	   1212	  22568	  48924	   bf1c	motorcontrol.elf
'Finished building: motorcontrol.elf.size'
' '
15:59:57 **** Auto Build of configuration Debug for project motorcontrol ****
make pre-build main-build 
a9-linaro-pre-build-step
' '
'Building file: ../src/helloworld.c'
'Invoking: ARM v7 gcc compiler'
arm-none-eabi-gcc -Wall -O0 -g3 -c -fmessage-length=0 -MT"src/helloworld.o" -mcpu=cortex-a9 -mfpu=vfpv3 -mfloat-abi=hard -I../../motorcontrol_bsp/ps7_cortexa9_0/include -MMD -MP -MF"src/helloworld.d" -MT"src/helloworld.o" -o "src/helloworld.o" "../src/helloworld.c"
../src/helloworld.c:57:22: warning: 'XADC_SR' defined but not used [-Wunused-variable]
 static volatile u32 *XADC_SR   = (u32*) (((u32)XADC_BASE_ADDR)+0x00000004);
                      ^
../src/helloworld.c:64:22: warning: 'XADC_VAUX_06' defined but not used [-Wunused-variable]
 static volatile u32 *XADC_VAUX_06  = (u32*) (((u32)XADC_BASE_ADDR)+0x00000258);
                      ^
../src/helloworld.c:65:22: warning: 'XADC_VAUX_07' defined but not used [-Wunused-variable]
 static volatile u32 *XADC_VAUX_07  = (u32*) (((u32)XADC_BASE_ADDR)+0x0000025C);
                      ^
../src/helloworld.c:66:22: warning: 'XADC_VAUX_14' defined but not used [-Wunused-variable]
 static volatile u32 *XADC_VAUX_14  = (u32*) (((u32)XADC_BASE_ADDR)+0x00000278);
                      ^
../src/helloworld.c:67:22: warning: 'XADC_VAUX_15' defined but not used [-Wunused-variable]
 static volatile u32 *XADC_VAUX_15  = (u32*) (((u32)XADC_BASE_ADDR)+0x0000027C);
                      ^
'Finished building: ../src/helloworld.c'
' '
'Building target: motorcontrol.elf'
'Invoking: ARM v7 gcc linker'
arm-none-eabi-gcc -mcpu=cortex-a9 -mfpu=vfpv3 -mfloat-abi=hard -Wl,-build-id=none -specs=Xilinx.spec -Wl,-T -Wl,../src/lscript.ld -L../../motorcontrol_bsp/ps7_cortexa9_0/lib -o "motorcontrol.elf"  ./src/helloworld.o ./src/platform.o   -Wl,--start-group,-lxil,-lgcc,-lc,--end-group
'Finished building target: motorcontrol.elf'
' '
'Invoking: ARM v7 Print Size'
arm-none-eabi-size motorcontrol.elf  |tee "motorcontrol.elf.size"
   text	   data	    bss	    dec	    hex	filename
  25144	   1212	  22568	  48924	   bf1c	motorcontrol.elf
'Finished building: motorcontrol.elf.size'
' '
16:05:43 **** Auto Build of configuration Debug for project motorcontrol ****
make pre-build main-build 
a9-linaro-pre-build-step
' '
'Building file: ../src/helloworld.c'
'Invoking: ARM v7 gcc compiler'
arm-none-eabi-gcc -Wall -O0 -g3 -c -fmessage-length=0 -MT"src/helloworld.o" -mcpu=cortex-a9 -mfpu=vfpv3 -mfloat-abi=hard -I../../motorcontrol_bsp/ps7_cortexa9_0/include -MMD -MP -MF"src/helloworld.d" -MT"src/helloworld.o" -o "src/helloworld.o" "../src/helloworld.c"
../src/helloworld.c:58:22: warning: 'XADC_SR' defined but not used [-Wunused-variable]
 static volatile u32 *XADC_SR   = (u32*) (((u32)XADC_BASE_ADDR)+0x00000004);
                      ^
../src/helloworld.c:65:22: warning: 'XADC_VAUX_06' defined but not used [-Wunused-variable]
 static volatile u32 *XADC_VAUX_06  = (u32*) (((u32)XADC_BASE_ADDR)+0x00000258);
                      ^
../src/helloworld.c:66:22: warning: 'XADC_VAUX_07' defined but not used [-Wunused-variable]
 static volatile u32 *XADC_VAUX_07  = (u32*) (((u32)XADC_BASE_ADDR)+0x0000025C);
                      ^
../src/helloworld.c:67:22: warning: 'XADC_VAUX_14' defined but not used [-Wunused-variable]
 static volatile u32 *XADC_VAUX_14  = (u32*) (((u32)XADC_BASE_ADDR)+0x00000278);
                      ^
../src/helloworld.c:68:22: warning: 'XADC_VAUX_15' defined but not used [-Wunused-variable]
 static volatile u32 *XADC_VAUX_15  = (u32*) (((u32)XADC_BASE_ADDR)+0x0000027C);
                      ^
'Finished building: ../src/helloworld.c'
' '
'Building target: motorcontrol.elf'
'Invoking: ARM v7 gcc linker'
arm-none-eabi-gcc -mcpu=cortex-a9 -mfpu=vfpv3 -mfloat-abi=hard -Wl,-build-id=none -specs=Xilinx.spec -Wl,-T -Wl,../src/lscript.ld -L../../motorcontrol_bsp/ps7_cortexa9_0/lib -o "motorcontrol.elf"  ./src/helloworld.o ./src/platform.o   -Wl,--start-group,-lxil,-lgcc,-lc,--end-group
'Finished building target: motorcontrol.elf'
' '
'Invoking: ARM v7 Print Size'
arm-none-eabi-size motorcontrol.elf  |tee "motorcontrol.elf.size"
   text	   data	    bss	    dec	    hex	filename
  25144	   1212	  22568	  48924	   bf1c	motorcontrol.elf
'Finished building: motorcontrol.elf.size'
' '
16:13:47 **** Auto Build of configuration Debug for project motorcontrol ****
make pre-build main-build 
a9-linaro-pre-build-step
' '
'Building file: ../src/helloworld.c'
'Invoking: ARM v7 gcc compiler'
arm-none-eabi-gcc -Wall -O0 -g3 -c -fmessage-length=0 -MT"src/helloworld.o" -mcpu=cortex-a9 -mfpu=vfpv3 -mfloat-abi=hard -I../../motorcontrol_bsp/ps7_cortexa9_0/include -MMD -MP -MF"src/helloworld.d" -MT"src/helloworld.o" -o "src/helloworld.o" "../src/helloworld.c"
../src/helloworld.c: In function 'init_gpio':
../src/helloworld.c:110:2: warning: statement with no effect [-Wunused-value]
  LEDS_DATA
  ^
../src/helloworld.c:111:2: error: expected ';' before 'return'
  return 0;
  ^
../src/helloworld.c: At top level:
../src/helloworld.c:59:22: warning: 'XADC_SR' defined but not used [-Wunused-variable]
 static volatile u32 *XADC_SR   = (u32*) (((u32)XADC_BASE_ADDR)+0x00000004);
                      ^
../src/helloworld.c:66:22: warning: 'XADC_VAUX_06' defined but not used [-Wunused-variable]
 static volatile u32 *XADC_VAUX_06  = (u32*) (((u32)XADC_BASE_ADDR)+0x00000258);
                      ^
../src/helloworld.c:67:22: warning: 'XADC_VAUX_07' defined but not used [-Wunused-variable]
 static volatile u32 *XADC_VAUX_07  = (u32*) (((u32)XADC_BASE_ADDR)+0x0000025C);
                      ^
../src/helloworld.c:68:22: warning: 'XADC_VAUX_14' defined but not used [-Wunused-variable]
 static volatile u32 *XADC_VAUX_14  = (u32*) (((u32)XADC_BASE_ADDR)+0x00000278);
                      ^
../src/helloworld.c:69:22: warning: 'XADC_VAUX_15' defined but not used [-Wunused-variable]
 static volatile u32 *XADC_VAUX_15  = (u32*) (((u32)XADC_BASE_ADDR)+0x0000027C);
                      ^
../src/helloworld.c:77:22: warning: 'LEDS_TRI' defined but not used [-Wunused-variable]
 static volatile u32 *LEDS_TRI   = (u32*) (((u32)LEDS_SPY_BASE_ADDR)+0x00000004);
                      ^
../src/helloworld.c:78:22: warning: 'SPY_DATA' defined but not used [-Wunused-variable]
 static volatile u32 *SPY_DATA   = (u32*) (((u32)LEDS_SPY_BASE_ADDR)+0x00000008);
                      ^
../src/helloworld.c:79:22: warning: 'SPY_TRI' defined but not used [-Wunused-variable]
 static volatile u32 *SPY_TRI   = (u32*) (((u32)LEDS_SPY_BASE_ADDR)+0x0000000C);
                      ^
../src/helloworld.c:80:22: warning: 'LEDS_SPY_GIER' defined but not used [-Wunused-variable]
 static volatile u32 *LEDS_SPY_GIER  = (u32*) (((u32)LEDS_SPY_BASE_ADDR)+0x0000011C);
                      ^
../src/helloworld.c:81:22: warning: 'LEDS_SPY_IPISR' defined but not used [-Wunused-variable]
 static volatile u32 *LEDS_SPY_IPISR  = (u32*) (((u32)LEDS_SPY_BASE_ADDR)+0x00000120);
                      ^
../src/helloworld.c:82:22: warning: 'LEDS_SPY_IPIER' defined but not used [-Wunused-variable]
 static volatile u32 *LEDS_SPY_IPIER  = (u32*) (((u32)LEDS_SPY_BASE_ADDR)+0x00000128);
                      ^
../src/helloworld.c: In function 'init_gpio':
../src/helloworld.c:112:1: warning: control reaches end of non-void function [-Wreturn-type]
 }
 ^
make: *** [src/helloworld.o] Fout 1
16:15:32 **** Auto Build of configuration Debug for project motorcontrol ****
make pre-build main-build 
a9-linaro-pre-build-step
' '
'Building file: ../src/helloworld.c'
'Invoking: ARM v7 gcc compiler'
arm-none-eabi-gcc -Wall -O0 -g3 -c -fmessage-length=0 -MT"src/helloworld.o" -mcpu=cortex-a9 -mfpu=vfpv3 -mfloat-abi=hard -I../../motorcontrol_bsp/ps7_cortexa9_0/include -MMD -MP -MF"src/helloworld.d" -MT"src/helloworld.o" -o "src/helloworld.o" "../src/helloworld.c"
../src/helloworld.c: In function 'init_gpio':
../src/helloworld.c:117:2: warning: statement with no effect [-Wunused-value]
  LEDS_DATA
  ^
../src/helloworld.c:118:2: error: expected ';' before 'return'
  return 0;
  ^
../src/helloworld.c: At top level:
../src/helloworld.c:60:22: warning: 'XADC_SR' defined but not used [-Wunused-variable]
 static volatile u32 *XADC_SR   = (u32*) (((u32)XADC_BASE_ADDR)+0x00000004);
                      ^
../src/helloworld.c:67:22: warning: 'XADC_VAUX_06' defined but not used [-Wunused-variable]
 static volatile u32 *XADC_VAUX_06  = (u32*) (((u32)XADC_BASE_ADDR)+0x00000258);
                      ^
../src/helloworld.c:68:22: warning: 'XADC_VAUX_07' defined but not used [-Wunused-variable]
 static volatile u32 *XADC_VAUX_07  = (u32*) (((u32)XADC_BASE_ADDR)+0x0000025C);
                      ^
../src/helloworld.c:69:22: warning: 'XADC_VAUX_14' defined but not used [-Wunused-variable]
 static volatile u32 *XADC_VAUX_14  = (u32*) (((u32)XADC_BASE_ADDR)+0x00000278);
                      ^
../src/helloworld.c:70:22: warning: 'XADC_VAUX_15' defined but not used [-Wunused-variable]
 static volatile u32 *XADC_VAUX_15  = (u32*) (((u32)XADC_BASE_ADDR)+0x0000027C);
                      ^
../src/helloworld.c:75:22: warning: 'BTNS_DATA' defined but not used [-Wunused-variable]
 static volatile u32 *BTNS_DATA   = (u32*) (((u32)BTNS_SLDR_BASE_ADDR)+0x00000000);
                      ^
../src/helloworld.c:76:22: warning: 'BTNS_TRI' defined but not used [-Wunused-variable]
 static volatile u32 *BTNS_TRI   = (u32*) (((u32)BTNS_SLDR_BASE_ADDR)+0x00000004);
                      ^
../src/helloworld.c:77:22: warning: 'SLDR_DATA' defined but not used [-Wunused-variable]
 static volatile u32 *SLDR_DATA   = (u32*) (((u32)BTNS_SLDR_BASE_ADDR)+0x00000008);
                      ^
../src/helloworld.c:78:22: warning: 'SLDR_TRI' defined but not used [-Wunused-variable]
 static volatile u32 *SLDR_TRI   = (u32*) (((u32)BTNS_SLDR_BASE_ADDR)+0x0000000C);
                      ^
../src/helloworld.c:79:22: warning: 'BTNS_SLDR_GIER' defined but not used [-Wunused-variable]
 static volatile u32 *BTNS_SLDR_GIER  = (u32*) (((u32)BTNS_SLDR_BASE_ADDR)+0x0000011C);
                      ^
../src/helloworld.c:80:22: warning: 'BTNS_SLDR_IPISR' defined but not used [-Wunused-variable]
 static volatile u32 *BTNS_SLDR_IPISR = (u32*) (((u32)BTNS_SLDR_BASE_ADDR)+0x00000120);
                      ^
../src/helloworld.c:81:22: warning: 'BTNS_SLDR_IPIER' defined but not used [-Wunused-variable]
 static volatile u32 *BTNS_SLDR_IPIER = (u32*) (((u32)BTNS_SLDR_BASE_ADDR)+0x00000128);
                      ^
../src/helloworld.c:84:22: warning: 'LEDS_TRI' defined but not used [-Wunused-variable]
 static volatile u32 *LEDS_TRI   = (u32*) (((u32)LEDS_SPY_BASE_ADDR)+0x00000004);
                      ^
../src/helloworld.c:85:22: warning: 'SPY_DATA' defined but not used [-Wunused-variable]
 static volatile u32 *SPY_DATA   = (u32*) (((u32)LEDS_SPY_BASE_ADDR)+0x00000008);
                      ^
../src/helloworld.c:86:22: warning: 'SPY_TRI' defined but not used [-Wunused-variable]
 static volatile u32 *SPY_TRI   = (u32*) (((u32)LEDS_SPY_BASE_ADDR)+0x0000000C);
                      ^
../src/helloworld.c:87:22: warning: 'LEDS_SPY_GIER' defined but not used [-Wunused-variable]
 static volatile u32 *LEDS_SPY_GIER  = (u32*) (((u32)LEDS_SPY_BASE_ADDR)+0x0000011C);
                      ^
../src/helloworld.c:88:22: warning: 'LEDS_SPY_IPISR' defined but not used [-Wunused-variable]
 static volatile u32 *LEDS_SPY_IPISR  = (u32*) (((u32)LEDS_SPY_BASE_ADDR)+0x00000120);
                      ^
../src/helloworld.c:89:22: warning: 'LEDS_SPY_IPIER' defined but not used [-Wunused-variable]
 static volatile u32 *LEDS_SPY_IPIER  = (u32*) (((u32)LEDS_SPY_BASE_ADDR)+0x00000128);
                      ^
../src/helloworld.c: In function 'init_gpio':
../src/helloworld.c:119:1: warning: control reaches end of non-void function [-Wreturn-type]
 }
 ^
make: *** [src/helloworld.o] Fout 1
16:16:12 **** Auto Build of configuration Debug for project motorcontrol ****
make pre-build main-build 
a9-linaro-pre-build-step
' '
'Building file: ../src/helloworld.c'
'Invoking: ARM v7 gcc compiler'
arm-none-eabi-gcc -Wall -O0 -g3 -c -fmessage-length=0 -MT"src/helloworld.o" -mcpu=cortex-a9 -mfpu=vfpv3 -mfloat-abi=hard -I../../motorcontrol_bsp/ps7_cortexa9_0/include -MMD -MP -MF"src/helloworld.d" -MT"src/helloworld.o" -o "src/helloworld.o" "../src/helloworld.c"
../src/helloworld.c: In function 'init_gpio':
../src/helloworld.c:118:3: error: 'LEDS_GIER' undeclared (first use in this function)
  *LEDS_GIER  = 0x00000000;
   ^
../src/helloworld.c:118:3: note: each undeclared identifier is reported only once for each function it appears in
../src/helloworld.c: At top level:
../src/helloworld.c:60:22: warning: 'XADC_SR' defined but not used [-Wunused-variable]
 static volatile u32 *XADC_SR   = (u32*) (((u32)XADC_BASE_ADDR)+0x00000004);
                      ^
../src/helloworld.c:67:22: warning: 'XADC_VAUX_06' defined but not used [-Wunused-variable]
 static volatile u32 *XADC_VAUX_06  = (u32*) (((u32)XADC_BASE_ADDR)+0x00000258);
                      ^
../src/helloworld.c:68:22: warning: 'XADC_VAUX_07' defined but not used [-Wunused-variable]
 static volatile u32 *XADC_VAUX_07  = (u32*) (((u32)XADC_BASE_ADDR)+0x0000025C);
                      ^
../src/helloworld.c:69:22: warning: 'XADC_VAUX_14' defined but not used [-Wunused-variable]
 static volatile u32 *XADC_VAUX_14  = (u32*) (((u32)XADC_BASE_ADDR)+0x00000278);
                      ^
../src/helloworld.c:70:22: warning: 'XADC_VAUX_15' defined but not used [-Wunused-variable]
 static volatile u32 *XADC_VAUX_15  = (u32*) (((u32)XADC_BASE_ADDR)+0x0000027C);
                      ^
../src/helloworld.c:75:22: warning: 'BTNS_DATA' defined but not used [-Wunused-variable]
 static volatile u32 *BTNS_DATA   = (u32*) (((u32)BTNS_SLDR_BASE_ADDR)+0x00000000);
                      ^
../src/helloworld.c:76:22: warning: 'BTNS_TRI' defined but not used [-Wunused-variable]
 static volatile u32 *BTNS_TRI   = (u32*) (((u32)BTNS_SLDR_BASE_ADDR)+0x00000004);
                      ^
../src/helloworld.c:77:22: warning: 'SLDR_DATA' defined but not used [-Wunused-variable]
 static volatile u32 *SLDR_DATA   = (u32*) (((u32)BTNS_SLDR_BASE_ADDR)+0x00000008);
                      ^
../src/helloworld.c:78:22: warning: 'SLDR_TRI' defined but not used [-Wunused-variable]
 static volatile u32 *SLDR_TRI   = (u32*) (((u32)BTNS_SLDR_BASE_ADDR)+0x0000000C);
                      ^
../src/helloworld.c:79:22: warning: 'BTNS_SLDR_GIER' defined but not used [-Wunused-variable]
 static volatile u32 *BTNS_SLDR_GIER  = (u32*) (((u32)BTNS_SLDR_BASE_ADDR)+0x0000011C);
                      ^
../src/helloworld.c:80:22: warning: 'BTNS_SLDR_IPISR' defined but not used [-Wunused-variable]
 static volatile u32 *BTNS_SLDR_IPISR = (u32*) (((u32)BTNS_SLDR_BASE_ADDR)+0x00000120);
                      ^
../src/helloworld.c:81:22: warning: 'BTNS_SLDR_IPIER' defined but not used [-Wunused-variable]
 static volatile u32 *BTNS_SLDR_IPIER = (u32*) (((u32)BTNS_SLDR_BASE_ADDR)+0x00000128);
                      ^
../src/helloworld.c:85:22: warning: 'SPY_DATA' defined but not used [-Wunused-variable]
 static volatile u32 *SPY_DATA   = (u32*) (((u32)LEDS_SPY_BASE_ADDR)+0x00000008);
                      ^
../src/helloworld.c:86:22: warning: 'SPY_TRI' defined but not used [-Wunused-variable]
 static volatile u32 *SPY_TRI   = (u32*) (((u32)LEDS_SPY_BASE_ADDR)+0x0000000C);
                      ^
../src/helloworld.c:87:22: warning: 'LEDS_SPY_GIER' defined but not used [-Wunused-variable]
 static volatile u32 *LEDS_SPY_GIER  = (u32*) (((u32)LEDS_SPY_BASE_ADDR)+0x0000011C);
                      ^
../src/helloworld.c:88:22: warning: 'LEDS_SPY_IPISR' defined but not used [-Wunused-variable]
 static volatile u32 *LEDS_SPY_IPISR  = (u32*) (((u32)LEDS_SPY_BASE_ADDR)+0x00000120);
                      ^
../src/helloworld.c:89:22: warning: 'LEDS_SPY_IPIER' defined but not used [-Wunused-variable]
 static volatile u32 *LEDS_SPY_IPIER  = (u32*) (((u32)LEDS_SPY_BASE_ADDR)+0x00000128);
                      ^
make: *** [src/helloworld.o] Fout 1
16:16:22 **** Auto Build of configuration Debug for project motorcontrol ****
make pre-build main-build 
a9-linaro-pre-build-step
' '
'Building file: ../src/helloworld.c'
'Invoking: ARM v7 gcc compiler'
arm-none-eabi-gcc -Wall -O0 -g3 -c -fmessage-length=0 -MT"src/helloworld.o" -mcpu=cortex-a9 -mfpu=vfpv3 -mfloat-abi=hard -I../../motorcontrol_bsp/ps7_cortexa9_0/include -MMD -MP -MF"src/helloworld.d" -MT"src/helloworld.o" -o "src/helloworld.o" "../src/helloworld.c"
../src/helloworld.c:60:22: warning: 'XADC_SR' defined but not used [-Wunused-variable]
 static volatile u32 *XADC_SR   = (u32*) (((u32)XADC_BASE_ADDR)+0x00000004);
                      ^
../src/helloworld.c:67:22: warning: 'XADC_VAUX_06' defined but not used [-Wunused-variable]
 static volatile u32 *XADC_VAUX_06  = (u32*) (((u32)XADC_BASE_ADDR)+0x00000258);
                      ^
../src/helloworld.c:68:22: warning: 'XADC_VAUX_07' defined but not used [-Wunused-variable]
 static volatile u32 *XADC_VAUX_07  = (u32*) (((u32)XADC_BASE_ADDR)+0x0000025C);
                      ^
../src/helloworld.c:69:22: warning: 'XADC_VAUX_14' defined but not used [-Wunused-variable]
 static volatile u32 *XADC_VAUX_14  = (u32*) (((u32)XADC_BASE_ADDR)+0x00000278);
                      ^
../src/helloworld.c:70:22: warning: 'XADC_VAUX_15' defined but not used [-Wunused-variable]
 static volatile u32 *XADC_VAUX_15  = (u32*) (((u32)XADC_BASE_ADDR)+0x0000027C);
                      ^
../src/helloworld.c:75:22: warning: 'BTNS_DATA' defined but not used [-Wunused-variable]
 static volatile u32 *BTNS_DATA   = (u32*) (((u32)BTNS_SLDR_BASE_ADDR)+0x00000000);
                      ^
../src/helloworld.c:76:22: warning: 'BTNS_TRI' defined but not used [-Wunused-variable]
 static volatile u32 *BTNS_TRI   = (u32*) (((u32)BTNS_SLDR_BASE_ADDR)+0x00000004);
                      ^
../src/helloworld.c:77:22: warning: 'SLDR_DATA' defined but not used [-Wunused-variable]
 static volatile u32 *SLDR_DATA   = (u32*) (((u32)BTNS_SLDR_BASE_ADDR)+0x00000008);
                      ^
../src/helloworld.c:78:22: warning: 'SLDR_TRI' defined but not used [-Wunused-variable]
 static volatile u32 *SLDR_TRI   = (u32*) (((u32)BTNS_SLDR_BASE_ADDR)+0x0000000C);
                      ^
../src/helloworld.c:79:22: warning: 'BTNS_SLDR_GIER' defined but not used [-Wunused-variable]
 static volatile u32 *BTNS_SLDR_GIER  = (u32*) (((u32)BTNS_SLDR_BASE_ADDR)+0x0000011C);
                      ^
../src/helloworld.c:80:22: warning: 'BTNS_SLDR_IPISR' defined but not used [-Wunused-variable]
 static volatile u32 *BTNS_SLDR_IPISR = (u32*) (((u32)BTNS_SLDR_BASE_ADDR)+0x00000120);
                      ^
../src/helloworld.c:81:22: warning: 'BTNS_SLDR_IPIER' defined but not used [-Wunused-variable]
 static volatile u32 *BTNS_SLDR_IPIER = (u32*) (((u32)BTNS_SLDR_BASE_ADDR)+0x00000128);
                      ^
../src/helloworld.c:85:22: warning: 'SPY_DATA' defined but not used [-Wunused-variable]
 static volatile u32 *SPY_DATA   = (u32*) (((u32)LEDS_SPY_BASE_ADDR)+0x00000008);
                      ^
../src/helloworld.c:86:22: warning: 'SPY_TRI' defined but not used [-Wunused-variable]
 static volatile u32 *SPY_TRI   = (u32*) (((u32)LEDS_SPY_BASE_ADDR)+0x0000000C);
                      ^
../src/helloworld.c:88:22: warning: 'LEDS_SPY_IPISR' defined but not used [-Wunused-variable]
 static volatile u32 *LEDS_SPY_IPISR  = (u32*) (((u32)LEDS_SPY_BASE_ADDR)+0x00000120);
                      ^
../src/helloworld.c:89:22: warning: 'LEDS_SPY_IPIER' defined but not used [-Wunused-variable]
 static volatile u32 *LEDS_SPY_IPIER  = (u32*) (((u32)LEDS_SPY_BASE_ADDR)+0x00000128);
                      ^
'Finished building: ../src/helloworld.c'
' '
'Building target: motorcontrol.elf'
'Invoking: ARM v7 gcc linker'
arm-none-eabi-gcc -mcpu=cortex-a9 -mfpu=vfpv3 -mfloat-abi=hard -Wl,-build-id=none -specs=Xilinx.spec -Wl,-T -Wl,../src/lscript.ld -L../../motorcontrol_bsp/ps7_cortexa9_0/lib -o "motorcontrol.elf"  ./src/helloworld.o ./src/platform.o   -Wl,--start-group,-lxil,-lgcc,-lc,--end-group
'Finished building target: motorcontrol.elf'
' '
'Invoking: ARM v7 Print Size'
arm-none-eabi-size motorcontrol.elf  |tee "motorcontrol.elf.size"
   text	   data	    bss	    dec	    hex	filename
  25248	   1268	  22568	  49084	   bfbc	motorcontrol.elf
'Finished building: motorcontrol.elf.size'
' '
16:17:10 **** Auto Build of configuration Debug for project motorcontrol ****
make pre-build main-build 
a9-linaro-pre-build-step
' '
'Building file: ../src/helloworld.c'
'Invoking: ARM v7 gcc compiler'
arm-none-eabi-gcc -Wall -O0 -g3 -c -fmessage-length=0 -MT"src/helloworld.o" -mcpu=cortex-a9 -mfpu=vfpv3 -mfloat-abi=hard -I../../motorcontrol_bsp/ps7_cortexa9_0/include -MMD -MP -MF"src/helloworld.d" -MT"src/helloworld.o" -o "src/helloworld.o" "../src/helloworld.c"
../src/helloworld.c:60:22: warning: 'XADC_SR' defined but not used [-Wunused-variable]
 static volatile u32 *XADC_SR   = (u32*) (((u32)XADC_BASE_ADDR)+0x00000004);
                      ^
../src/helloworld.c:67:22: warning: 'XADC_VAUX_06' defined but not used [-Wunused-variable]
 static volatile u32 *XADC_VAUX_06  = (u32*) (((u32)XADC_BASE_ADDR)+0x00000258);
                      ^
../src/helloworld.c:68:22: warning: 'XADC_VAUX_07' defined but not used [-Wunused-variable]
 static volatile u32 *XADC_VAUX_07  = (u32*) (((u32)XADC_BASE_ADDR)+0x0000025C);
                      ^
../src/helloworld.c:69:22: warning: 'XADC_VAUX_14' defined but not used [-Wunused-variable]
 static volatile u32 *XADC_VAUX_14  = (u32*) (((u32)XADC_BASE_ADDR)+0x00000278);
                      ^
../src/helloworld.c:70:22: warning: 'XADC_VAUX_15' defined but not used [-Wunused-variable]
 static volatile u32 *XADC_VAUX_15  = (u32*) (((u32)XADC_BASE_ADDR)+0x0000027C);
                      ^
../src/helloworld.c:75:22: warning: 'BTNS_DATA' defined but not used [-Wunused-variable]
 static volatile u32 *BTNS_DATA   = (u32*) (((u32)BTNS_SLDR_BASE_ADDR)+0x00000000);
                      ^
../src/helloworld.c:76:22: warning: 'BTNS_TRI' defined but not used [-Wunused-variable]
 static volatile u32 *BTNS_TRI   = (u32*) (((u32)BTNS_SLDR_BASE_ADDR)+0x00000004);
                      ^
../src/helloworld.c:77:22: warning: 'SLDR_DATA' defined but not used [-Wunused-variable]
 static volatile u32 *SLDR_DATA   = (u32*) (((u32)BTNS_SLDR_BASE_ADDR)+0x00000008);
                      ^
../src/helloworld.c:78:22: warning: 'SLDR_TRI' defined but not used [-Wunused-variable]
 static volatile u32 *SLDR_TRI   = (u32*) (((u32)BTNS_SLDR_BASE_ADDR)+0x0000000C);
                      ^
../src/helloworld.c:79:22: warning: 'BTNS_SLDR_GIER' defined but not used [-Wunused-variable]
 static volatile u32 *BTNS_SLDR_GIER  = (u32*) (((u32)BTNS_SLDR_BASE_ADDR)+0x0000011C);
                      ^
../src/helloworld.c:80:22: warning: 'BTNS_SLDR_IPISR' defined but not used [-Wunused-variable]
 static volatile u32 *BTNS_SLDR_IPISR = (u32*) (((u32)BTNS_SLDR_BASE_ADDR)+0x00000120);
                      ^
../src/helloworld.c:81:22: warning: 'BTNS_SLDR_IPIER' defined but not used [-Wunused-variable]
 static volatile u32 *BTNS_SLDR_IPIER = (u32*) (((u32)BTNS_SLDR_BASE_ADDR)+0x00000128);
                      ^
../src/helloworld.c:88:22: warning: 'LEDS_SPY_IPISR' defined but not used [-Wunused-variable]
 static volatile u32 *LEDS_SPY_IPISR  = (u32*) (((u32)LEDS_SPY_BASE_ADDR)+0x00000120);
                      ^
../src/helloworld.c:89:22: warning: 'LEDS_SPY_IPIER' defined but not used [-Wunused-variable]
 static volatile u32 *LEDS_SPY_IPIER  = (u32*) (((u32)LEDS_SPY_BASE_ADDR)+0x00000128);
                      ^
'Finished building: ../src/helloworld.c'
' '
'Building target: motorcontrol.elf'
'Invoking: ARM v7 gcc linker'
arm-none-eabi-gcc -mcpu=cortex-a9 -mfpu=vfpv3 -mfloat-abi=hard -Wl,-build-id=none -specs=Xilinx.spec -Wl,-T -Wl,../src/lscript.ld -L../../motorcontrol_bsp/ps7_cortexa9_0/lib -o "motorcontrol.elf"  ./src/helloworld.o ./src/platform.o   -Wl,--start-group,-lxil,-lgcc,-lc,--end-group
'Finished building target: motorcontrol.elf'
' '
'Invoking: ARM v7 Print Size'
arm-none-eabi-size motorcontrol.elf  |tee "motorcontrol.elf.size"
   text	   data	    bss	    dec	    hex	filename
  25312	   1268	  22568	  49148	   bffc	motorcontrol.elf
'Finished building: motorcontrol.elf.size'
' '
16:31:43 **** Auto Build of configuration Debug for project motorcontrol ****
make pre-build main-build 
a9-linaro-pre-build-step
' '
'Building file: ../src/helloworld.c'
'Invoking: ARM v7 gcc compiler'
arm-none-eabi-gcc -Wall -O0 -g3 -c -fmessage-length=0 -MT"src/helloworld.o" -mcpu=cortex-a9 -mfpu=vfpv3 -mfloat-abi=hard -I../../motorcontrol_bsp/ps7_cortexa9_0/include -MMD -MP -MF"src/helloworld.d" -MT"src/helloworld.o" -o "src/helloworld.o" "../src/helloworld.c"
../src/helloworld.c:60:22: warning: 'XADC_SR' defined but not used [-Wunused-variable]
 static volatile u32 *XADC_SR   = (u32*) (((u32)XADC_BASE_ADDR)+0x00000004);
                      ^
../src/helloworld.c:67:22: warning: 'XADC_VAUX_06' defined but not used [-Wunused-variable]
 static volatile u32 *XADC_VAUX_06  = (u32*) (((u32)XADC_BASE_ADDR)+0x00000258);
                      ^
../src/helloworld.c:68:22: warning: 'XADC_VAUX_07' defined but not used [-Wunused-variable]
 static volatile u32 *XADC_VAUX_07  = (u32*) (((u32)XADC_BASE_ADDR)+0x0000025C);
                      ^
../src/helloworld.c:69:22: warning: 'XADC_VAUX_14' defined but not used [-Wunused-variable]
 static volatile u32 *XADC_VAUX_14  = (u32*) (((u32)XADC_BASE_ADDR)+0x00000278);
                      ^
../src/helloworld.c:70:22: warning: 'XADC_VAUX_15' defined but not used [-Wunused-variable]
 static volatile u32 *XADC_VAUX_15  = (u32*) (((u32)XADC_BASE_ADDR)+0x0000027C);
                      ^
../src/helloworld.c:75:22: warning: 'BTNS_DATA' defined but not used [-Wunused-variable]
 static volatile u32 *BTNS_DATA   = (u32*) (((u32)BTNS_SLDR_BASE_ADDR)+0x00000000);
                      ^
../src/helloworld.c:77:22: warning: 'SLDR_DATA' defined but not used [-Wunused-variable]
 static volatile u32 *SLDR_DATA   = (u32*) (((u32)BTNS_SLDR_BASE_ADDR)+0x00000008);
                      ^
../src/helloworld.c:80:22: warning: 'BTNS_SLDR_IPISR' defined but not used [-Wunused-variable]
 static volatile u32 *BTNS_SLDR_IPISR = (u32*) (((u32)BTNS_SLDR_BASE_ADDR)+0x00000120);
                      ^
../src/helloworld.c:81:22: warning: 'BTNS_SLDR_IPIER' defined but not used [-Wunused-variable]
 static volatile u32 *BTNS_SLDR_IPIER = (u32*) (((u32)BTNS_SLDR_BASE_ADDR)+0x00000128);
                      ^
../src/helloworld.c:88:22: warning: 'LEDS_SPY_IPISR' defined but not used [-Wunused-variable]
 static volatile u32 *LEDS_SPY_IPISR  = (u32*) (((u32)LEDS_SPY_BASE_ADDR)+0x00000120);
                      ^
'Finished building: ../src/helloworld.c'
' '
'Building target: motorcontrol.elf'
'Invoking: ARM v7 gcc linker'
arm-none-eabi-gcc -mcpu=cortex-a9 -mfpu=vfpv3 -mfloat-abi=hard -Wl,-build-id=none -specs=Xilinx.spec -Wl,-T -Wl,../src/lscript.ld -L../../motorcontrol_bsp/ps7_cortexa9_0/lib -o "motorcontrol.elf"  ./src/helloworld.o ./src/platform.o   -Wl,--start-group,-lxil,-lgcc,-lc,--end-group
'Finished building target: motorcontrol.elf'
' '
'Invoking: ARM v7 Print Size'
arm-none-eabi-size motorcontrol.elf  |tee "motorcontrol.elf.size"
   text	   data	    bss	    dec	    hex	filename
  25376	   1268	  22568	  49212	   c03c	motorcontrol.elf
'Finished building: motorcontrol.elf.size'
' '
16:32:15 **** Auto Build of configuration Debug for project motorcontrol ****
make pre-build main-build 
a9-linaro-pre-build-step
' '
'Building file: ../src/helloworld.c'
'Invoking: ARM v7 gcc compiler'
arm-none-eabi-gcc -Wall -O0 -g3 -c -fmessage-length=0 -MT"src/helloworld.o" -mcpu=cortex-a9 -mfpu=vfpv3 -mfloat-abi=hard -I../../motorcontrol_bsp/ps7_cortexa9_0/include -MMD -MP -MF"src/helloworld.d" -MT"src/helloworld.o" -o "src/helloworld.o" "../src/helloworld.c"
../src/helloworld.c:60:22: warning: 'XADC_SR' defined but not used [-Wunused-variable]
 static volatile u32 *XADC_SR   = (u32*) (((u32)XADC_BASE_ADDR)+0x00000004);
                      ^
../src/helloworld.c:67:22: warning: 'XADC_VAUX_06' defined but not used [-Wunused-variable]
 static volatile u32 *XADC_VAUX_06  = (u32*) (((u32)XADC_BASE_ADDR)+0x00000258);
                      ^
../src/helloworld.c:68:22: warning: 'XADC_VAUX_07' defined but not used [-Wunused-variable]
 static volatile u32 *XADC_VAUX_07  = (u32*) (((u32)XADC_BASE_ADDR)+0x0000025C);
                      ^
../src/helloworld.c:69:22: warning: 'XADC_VAUX_14' defined but not used [-Wunused-variable]
 static volatile u32 *XADC_VAUX_14  = (u32*) (((u32)XADC_BASE_ADDR)+0x00000278);
                      ^
../src/helloworld.c:70:22: warning: 'XADC_VAUX_15' defined but not used [-Wunused-variable]
 static volatile u32 *XADC_VAUX_15  = (u32*) (((u32)XADC_BASE_ADDR)+0x0000027C);
                      ^
../src/helloworld.c:75:22: warning: 'BTNS_DATA' defined but not used [-Wunused-variable]
 static volatile u32 *BTNS_DATA   = (u32*) (((u32)BTNS_SLDR_BASE_ADDR)+0x00000000);
                      ^
../src/helloworld.c:77:22: warning: 'SLDR_DATA' defined but not used [-Wunused-variable]
 static volatile u32 *SLDR_DATA   = (u32*) (((u32)BTNS_SLDR_BASE_ADDR)+0x00000008);
                      ^
../src/helloworld.c:80:22: warning: 'BTNS_SLDR_IPISR' defined but not used [-Wunused-variable]
 static volatile u32 *BTNS_SLDR_IPISR = (u32*) (((u32)BTNS_SLDR_BASE_ADDR)+0x00000120);
                      ^
../src/helloworld.c:88:22: warning: 'LEDS_SPY_IPISR' defined but not used [-Wunused-variable]
 static volatile u32 *LEDS_SPY_IPISR  = (u32*) (((u32)LEDS_SPY_BASE_ADDR)+0x00000120);
                      ^
'Finished building: ../src/helloworld.c'
' '
'Building target: motorcontrol.elf'
'Invoking: ARM v7 gcc linker'
arm-none-eabi-gcc -mcpu=cortex-a9 -mfpu=vfpv3 -mfloat-abi=hard -Wl,-build-id=none -specs=Xilinx.spec -Wl,-T -Wl,../src/lscript.ld -L../../motorcontrol_bsp/ps7_cortexa9_0/lib -o "motorcontrol.elf"  ./src/helloworld.o ./src/platform.o   -Wl,--start-group,-lxil,-lgcc,-lc,--end-group
'Finished building target: motorcontrol.elf'
' '
'Invoking: ARM v7 Print Size'
arm-none-eabi-size motorcontrol.elf  |tee "motorcontrol.elf.size"
   text	   data	    bss	    dec	    hex	filename
  25376	   1268	  22568	  49212	   c03c	motorcontrol.elf
'Finished building: motorcontrol.elf.size'
' '
16:41:40 **** Auto Build of project motorcontrol_bsp ****
make -k all 
"Running Make include in ps7_cortexa9_0/libsrc/coresightps_dcc_v1_3/src"
make -C ps7_cortexa9_0/libsrc/coresightps_dcc_v1_3/src -s include  "SHELL=CMD" "COMPILER=arm-none-eabi-gcc" "ARCHIVER=arm-none-eabi-ar" "COMPILER_FLAGS=  -O2 -c" "EXTRA_COMPILER_FLAGS=-mcpu=cortex-a9 -mfpu=vfpv3 -mfloat-abi=hard -nostartfiles"
"Running Make include in ps7_cortexa9_0/libsrc/cpu_cortexa9_v2_3/src"
make -C ps7_cortexa9_0/libsrc/cpu_cortexa9_v2_3/src -s include  "SHELL=CMD" "COMPILER=arm-none-eabi-gcc" "ARCHIVER=arm-none-eabi-ar" "COMPILER_FLAGS=  -O2 -c" "EXTRA_COMPILER_FLAGS=-mcpu=cortex-a9 -mfpu=vfpv3 -mfloat-abi=hard -nostartfiles"
"Running Make include in ps7_cortexa9_0/libsrc/ddrps_v1_0/src"
make -C ps7_cortexa9_0/libsrc/ddrps_v1_0/src -s include  "SHELL=CMD" "COMPILER=arm-none-eabi-gcc" "ARCHIVER=arm-none-eabi-ar" "COMPILER_FLAGS=  -O2 -c" "EXTRA_COMPILER_FLAGS=-mcpu=cortex-a9 -mfpu=vfpv3 -mfloat-abi=hard -nostartfiles"
"Running Make include in ps7_cortexa9_0/libsrc/devcfg_v3_4/src"
make -C ps7_cortexa9_0/libsrc/devcfg_v3_4/src -s include  "SHELL=CMD" "COMPILER=arm-none-eabi-gcc" "ARCHIVER=arm-none-eabi-ar" "COMPILER_FLAGS=  -O2 -c" "EXTRA_COMPILER_FLAGS=-mcpu=cortex-a9 -mfpu=vfpv3 -mfloat-abi=hard -nostartfiles"
"Running Make include in ps7_cortexa9_0/libsrc/dmaps_v2_3/src"
make -C ps7_cortexa9_0/libsrc/dmaps_v2_3/src -s include  "SHELL=CMD" "COMPILER=arm-none-eabi-gcc" "ARCHIVER=arm-none-eabi-ar" "COMPILER_FLAGS=  -O2 -c" "EXTRA_COMPILER_FLAGS=-mcpu=cortex-a9 -mfpu=vfpv3 -mfloat-abi=hard -nostartfiles"
"Running Make include in ps7_cortexa9_0/libsrc/emacps_v3_3/src"
make -C ps7_cortexa9_0/libsrc/emacps_v3_3/src -s include  "SHELL=CMD" "COMPILER=arm-none-eabi-gcc" "ARCHIVER=arm-none-eabi-ar" "COMPILER_FLAGS=  -O2 -c" "EXTRA_COMPILER_FLAGS=-mcpu=cortex-a9 -mfpu=vfpv3 -mfloat-abi=hard -nostartfiles"
"Running Make include in ps7_cortexa9_0/libsrc/gpio_v4_3/src"
make -C ps7_cortexa9_0/libsrc/gpio_v4_3/src -s include  "SHELL=CMD" "COMPILER=arm-none-eabi-gcc" "ARCHIVER=arm-none-eabi-ar" "COMPILER_FLAGS=  -O2 -c" "EXTRA_COMPILER_FLAGS=-mcpu=cortex-a9 -mfpu=vfpv3 -mfloat-abi=hard -nostartfiles"
"Running Make include in ps7_cortexa9_0/libsrc/gpiops_v3_1/src"
make -C ps7_cortexa9_0/libsrc/gpiops_v3_1/src -s include  "SHELL=CMD" "COMPILER=arm-none-eabi-gcc" "ARCHIVER=arm-none-eabi-ar" "COMPILER_FLAGS=  -O2 -c" "EXTRA_COMPILER_FLAGS=-mcpu=cortex-a9 -mfpu=vfpv3 -mfloat-abi=hard -nostartfiles"
"Running Make include in ps7_cortexa9_0/libsrc/PI_CTRL_v1_0/src"
make -C ps7_cortexa9_0/libsrc/PI_CTRL_v1_0/src -s include  "SHELL=CMD" "COMPILER=arm-none-eabi-gcc" "ARCHIVER=arm-none-eabi-ar" "COMPILER_FLAGS=  -O2 -c" "EXTRA_COMPILER_FLAGS=-mcpu=cortex-a9 -mfpu=vfpv3 -mfloat-abi=hard -nostartfiles"
"Running Make include in ps7_cortexa9_0/libsrc/PWM_v1_0/src"
make -C ps7_cortexa9_0/libsrc/PWM_v1_0/src -s include  "SHELL=CMD" "COMPILER=arm-none-eabi-gcc" "ARCHIVER=arm-none-eabi-ar" "COMPILER_FLAGS=  -O2 -c" "EXTRA_COMPILER_FLAGS=-mcpu=cortex-a9 -mfpu=vfpv3 -mfloat-abi=hard -nostartfiles"
"Running Make include in ps7_cortexa9_0/libsrc/qspips_v3_3/src"
make -C ps7_cortexa9_0/libsrc/qspips_v3_3/src -s include  "SHELL=CMD" "COMPILER=arm-none-eabi-gcc" "ARCHIVER=arm-none-eabi-ar" "COMPILER_FLAGS=  -O2 -c" "EXTRA_COMPILER_FLAGS=-mcpu=cortex-a9 -mfpu=vfpv3 -mfloat-abi=hard -nostartfiles"
"Running Make include in ps7_cortexa9_0/libsrc/scugic_v3_5/src"
make -C ps7_cortexa9_0/libsrc/scugic_v3_5/src -s include  "SHELL=CMD" "COMPILER=arm-none-eabi-gcc" "ARCHIVER=arm-none-eabi-ar" "COMPILER_FLAGS=  -O2 -c" "EXTRA_COMPILER_FLAGS=-mcpu=cortex-a9 -mfpu=vfpv3 -mfloat-abi=hard -nostartfiles"
"Running Make include in ps7_cortexa9_0/libsrc/scutimer_v2_1/src"
make -C ps7_cortexa9_0/libsrc/scutimer_v2_1/src -s include  "SHELL=CMD" "COMPILER=arm-none-eabi-gcc" "ARCHIVER=arm-none-eabi-ar" "COMPILER_FLAGS=  -O2 -c" "EXTRA_COMPILER_FLAGS=-mcpu=cortex-a9 -mfpu=vfpv3 -mfloat-abi=hard -nostartfiles"
"Running Make include in ps7_cortexa9_0/libsrc/scuwdt_v2_1/src"
make -C ps7_cortexa9_0/libsrc/scuwdt_v2_1/src -s include  "SHELL=CMD" "COMPILER=arm-none-eabi-gcc" "ARCHIVER=arm-none-eabi-ar" "COMPILER_FLAGS=  -O2 -c" "EXTRA_COMPILER_FLAGS=-mcpu=cortex-a9 -mfpu=vfpv3 -mfloat-abi=hard -nostartfiles"
"Running Make include in ps7_cortexa9_0/libsrc/sdps_v3_1/src"
make -C ps7_cortexa9_0/libsrc/sdps_v3_1/src -s include  "SHELL=CMD" "COMPILER=arm-none-eabi-gcc" "ARCHIVER=arm-none-eabi-ar" "COMPILER_FLAGS=  -O2 -c" "EXTRA_COMPILER_FLAGS=-mcpu=cortex-a9 -mfpu=vfpv3 -mfloat-abi=hard -nostartfiles"
"Running Make include in ps7_cortexa9_0/libsrc/standalone_v6_1/src"
make -C ps7_cortexa9_0/libsrc/standalone_v6_1/src -s include  "SHELL=CMD" "COMPILER=arm-none-eabi-gcc" "ARCHIVER=arm-none-eabi-ar" "COMPILER_FLAGS=  -O2 -c" "EXTRA_COMPILER_FLAGS=-mcpu=cortex-a9 -mfpu=vfpv3 -mfloat-abi=hard -nostartfiles"
"Running Make include in ps7_cortexa9_0/libsrc/StateController_v1_0/src"
make -C ps7_cortexa9_0/libsrc/StateController_v1_0/src -s include  "SHELL=CMD" "COMPILER=arm-none-eabi-gcc" "ARCHIVER=arm-none-eabi-ar" "COMPILER_FLAGS=  -O2 -c" "EXTRA_COMPILER_FLAGS=-mcpu=cortex-a9 -mfpu=vfpv3 -mfloat-abi=hard -nostartfiles"
"Running Make include in ps7_cortexa9_0/libsrc/sysmon_v7_3/src"
make -C ps7_cortexa9_0/libsrc/sysmon_v7_3/src -s include  "SHELL=CMD" "COMPILER=arm-none-eabi-gcc" "ARCHIVER=arm-none-eabi-ar" "COMPILER_FLAGS=  -O2 -c" "EXTRA_COMPILER_FLAGS=-mcpu=cortex-a9 -mfpu=vfpv3 -mfloat-abi=hard -nostartfiles"
"Running Make include in ps7_cortexa9_0/libsrc/ttcps_v3_2/src"
make -C ps7_cortexa9_0/libsrc/ttcps_v3_2/src -s include  "SHELL=CMD" "COMPILER=arm-none-eabi-gcc" "ARCHIVER=arm-none-eabi-ar" "COMPILER_FLAGS=  -O2 -c" "EXTRA_COMPILER_FLAGS=-mcpu=cortex-a9 -mfpu=vfpv3 -mfloat-abi=hard -nostartfiles"
"Running Make include in ps7_cortexa9_0/libsrc/uartps_v3_3/src"
make -C ps7_cortexa9_0/libsrc/uartps_v3_3/src -s include  "SHELL=CMD" "COMPILER=arm-none-eabi-gcc" "ARCHIVER=arm-none-eabi-ar" "COMPILER_FLAGS=  -O2 -c" "EXTRA_COMPILER_FLAGS=-mcpu=cortex-a9 -mfpu=vfpv3 -mfloat-abi=hard -nostartfiles"
"Running Make include in ps7_cortexa9_0/libsrc/usbps_v2_4/src"
make -C ps7_cortexa9_0/libsrc/usbps_v2_4/src -s include  "SHELL=CMD" "COMPILER=arm-none-eabi-gcc" "ARCHIVER=arm-none-eabi-ar" "COMPILER_FLAGS=  -O2 -c" "EXTRA_COMPILER_FLAGS=-mcpu=cortex-a9 -mfpu=vfpv3 -mfloat-abi=hard -nostartfiles"
"Running Make include in ps7_cortexa9_0/libsrc/xadcps_v2_2/src"
make -C ps7_cortexa9_0/libsrc/xadcps_v2_2/src -s include  "SHELL=CMD" "COMPILER=arm-none-eabi-gcc" "ARCHIVER=arm-none-eabi-ar" "COMPILER_FLAGS=  -O2 -c" "EXTRA_COMPILER_FLAGS=-mcpu=cortex-a9 -mfpu=vfpv3 -mfloat-abi=hard -nostartfiles"
"Running Make libs in ps7_cortexa9_0/libsrc/coresightps_dcc_v1_3/src"
make -C ps7_cortexa9_0/libsrc/coresightps_dcc_v1_3/src -s libs  "SHELL=CMD" "COMPILER=arm-none-eabi-gcc" "ARCHIVER=arm-none-eabi-ar" "COMPILER_FLAGS=  -O2 -c" "EXTRA_COMPILER_FLAGS=-mcpu=cortex-a9 -mfpu=vfpv3 -mfloat-abi=hard -nostartfiles"
"Compiling coresightps_dcc"
"Running Make libs in ps7_cortexa9_0/libsrc/cpu_cortexa9_v2_3/src"
make -C ps7_cortexa9_0/libsrc/cpu_cortexa9_v2_3/src -s libs  "SHELL=CMD" "COMPILER=arm-none-eabi-gcc" "ARCHIVER=arm-none-eabi-ar" "COMPILER_FLAGS=  -O2 -c" "EXTRA_COMPILER_FLAGS=-mcpu=cortex-a9 -mfpu=vfpv3 -mfloat-abi=hard -nostartfiles"
"Compiling cpu_cortexa9"
"Running Make libs in ps7_cortexa9_0/libsrc/ddrps_v1_0/src"
make -C ps7_cortexa9_0/libsrc/ddrps_v1_0/src -s libs  "SHELL=CMD" "COMPILER=arm-none-eabi-gcc" "ARCHIVER=arm-none-eabi-ar" "COMPILER_FLAGS=  -O2 -c" "EXTRA_COMPILER_FLAGS=-mcpu=cortex-a9 -mfpu=vfpv3 -mfloat-abi=hard -nostartfiles"
"Compiling ddrps"
"Running Make libs in ps7_cortexa9_0/libsrc/devcfg_v3_4/src"
make -C ps7_cortexa9_0/libsrc/devcfg_v3_4/src -s libs  "SHELL=CMD" "COMPILER=arm-none-eabi-gcc" "ARCHIVER=arm-none-eabi-ar" "COMPILER_FLAGS=  -O2 -c" "EXTRA_COMPILER_FLAGS=-mcpu=cortex-a9 -mfpu=vfpv3 -mfloat-abi=hard -nostartfiles"
"Compiling devcfg"
"Running Make libs in ps7_cortexa9_0/libsrc/dmaps_v2_3/src"
make -C ps7_cortexa9_0/libsrc/dmaps_v2_3/src -s libs  "SHELL=CMD" "COMPILER=arm-none-eabi-gcc" "ARCHIVER=arm-none-eabi-ar" "COMPILER_FLAGS=  -O2 -c" "EXTRA_COMPILER_FLAGS=-mcpu=cortex-a9 -mfpu=vfpv3 -mfloat-abi=hard -nostartfiles"
"Compiling dmaps"
"Running Make libs in ps7_cortexa9_0/libsrc/emacps_v3_3/src"
make -C ps7_cortexa9_0/libsrc/emacps_v3_3/src -s libs  "SHELL=CMD" "COMPILER=arm-none-eabi-gcc" "ARCHIVER=arm-none-eabi-ar" "COMPILER_FLAGS=  -O2 -c" "EXTRA_COMPILER_FLAGS=-mcpu=cortex-a9 -mfpu=vfpv3 -mfloat-abi=hard -nostartfiles"
"Compiling emacps"
"Running Make libs in ps7_cortexa9_0/libsrc/gpio_v4_3/src"
make -C ps7_cortexa9_0/libsrc/gpio_v4_3/src -s libs  "SHELL=CMD" "COMPILER=arm-none-eabi-gcc" "ARCHIVER=arm-none-eabi-ar" "COMPILER_FLAGS=  -O2 -c" "EXTRA_COMPILER_FLAGS=-mcpu=cortex-a9 -mfpu=vfpv3 -mfloat-abi=hard -nostartfiles"
"Compiling gpio"
"Running Make libs in ps7_cortexa9_0/libsrc/gpiops_v3_1/src"
make -C ps7_cortexa9_0/libsrc/gpiops_v3_1/src -s libs  "SHELL=CMD" "COMPILER=arm-none-eabi-gcc" "ARCHIVER=arm-none-eabi-ar" "COMPILER_FLAGS=  -O2 -c" "EXTRA_COMPILER_FLAGS=-mcpu=cortex-a9 -mfpu=vfpv3 -mfloat-abi=hard -nostartfiles"
"Compiling gpiops"
"Running Make libs in ps7_cortexa9_0/libsrc/PI_CTRL_v1_0/src"
make -C ps7_cortexa9_0/libsrc/PI_CTRL_v1_0/src -s libs  "SHELL=CMD" "COMPILER=arm-none-eabi-gcc" "ARCHIVER=arm-none-eabi-ar" "COMPILER_FLAGS=  -O2 -c" "EXTRA_COMPILER_FLAGS=-mcpu=cortex-a9 -mfpu=vfpv3 -mfloat-abi=hard -nostartfiles"
"Compiling PI_CTRL..."
"Running Make libs in ps7_cortexa9_0/libsrc/PWM_v1_0/src"
make -C ps7_cortexa9_0/libsrc/PWM_v1_0/src -s libs  "SHELL=CMD" "COMPILER=arm-none-eabi-gcc" "ARCHIVER=arm-none-eabi-ar" "COMPILER_FLAGS=  -O2 -c" "EXTRA_COMPILER_FLAGS=-mcpu=cortex-a9 -mfpu=vfpv3 -mfloat-abi=hard -nostartfiles"
"Compiling PWM..."
"Running Make libs in ps7_cortexa9_0/libsrc/qspips_v3_3/src"
make -C ps7_cortexa9_0/libsrc/qspips_v3_3/src -s libs  "SHELL=CMD" "COMPILER=arm-none-eabi-gcc" "ARCHIVER=arm-none-eabi-ar" "COMPILER_FLAGS=  -O2 -c" "EXTRA_COMPILER_FLAGS=-mcpu=cortex-a9 -mfpu=vfpv3 -mfloat-abi=hard -nostartfiles"
"Compiling qspips"
"Running Make libs in ps7_cortexa9_0/libsrc/scugic_v3_5/src"
make -C ps7_cortexa9_0/libsrc/scugic_v3_5/src -s libs  "SHELL=CMD" "COMPILER=arm-none-eabi-gcc" "ARCHIVER=arm-none-eabi-ar" "COMPILER_FLAGS=  -O2 -c" "EXTRA_COMPILER_FLAGS=-mcpu=cortex-a9 -mfpu=vfpv3 -mfloat-abi=hard -nostartfiles"
"Compiling scugic"
"Running Make libs in ps7_cortexa9_0/libsrc/scutimer_v2_1/src"
make -C ps7_cortexa9_0/libsrc/scutimer_v2_1/src -s libs  "SHELL=CMD" "COMPILER=arm-none-eabi-gcc" "ARCHIVER=arm-none-eabi-ar" "COMPILER_FLAGS=  -O2 -c" "EXTRA_COMPILER_FLAGS=-mcpu=cortex-a9 -mfpu=vfpv3 -mfloat-abi=hard -nostartfiles"
"Compiling scutimer"
"Running Make libs in ps7_cortexa9_0/libsrc/scuwdt_v2_1/src"
make -C ps7_cortexa9_0/libsrc/scuwdt_v2_1/src -s libs  "SHELL=CMD" "COMPILER=arm-none-eabi-gcc" "ARCHIVER=arm-none-eabi-ar" "COMPILER_FLAGS=  -O2 -c" "EXTRA_COMPILER_FLAGS=-mcpu=cortex-a9 -mfpu=vfpv3 -mfloat-abi=hard -nostartfiles"
"Compiling scuwdt"
"Running Make libs in ps7_cortexa9_0/libsrc/sdps_v3_1/src"
make -C ps7_cortexa9_0/libsrc/sdps_v3_1/src -s libs  "SHELL=CMD" "COMPILER=arm-none-eabi-gcc" "ARCHIVER=arm-none-eabi-ar" "COMPILER_FLAGS=  -O2 -c" "EXTRA_COMPILER_FLAGS=-mcpu=cortex-a9 -mfpu=vfpv3 -mfloat-abi=hard -nostartfiles"
"Compiling sdps"
"Running Make libs in ps7_cortexa9_0/libsrc/standalone_v6_1/src"
make -C ps7_cortexa9_0/libsrc/standalone_v6_1/src -s libs  "SHELL=CMD" "COMPILER=arm-none-eabi-gcc" "ARCHIVER=arm-none-eabi-ar" "COMPILER_FLAGS=  -O2 -c" "EXTRA_COMPILER_FLAGS=-mcpu=cortex-a9 -mfpu=vfpv3 -mfloat-abi=hard -nostartfiles"
"Compiling standalone"
"Running Make libs in ps7_cortexa9_0/libsrc/StateController_v1_0/src"
make -C ps7_cortexa9_0/libsrc/StateController_v1_0/src -s libs  "SHELL=CMD" "COMPILER=arm-none-eabi-gcc" "ARCHIVER=arm-none-eabi-ar" "COMPILER_FLAGS=  -O2 -c" "EXTRA_COMPILER_FLAGS=-mcpu=cortex-a9 -mfpu=vfpv3 -mfloat-abi=hard -nostartfiles"
"Compiling StateController..."
"Running Make libs in ps7_cortexa9_0/libsrc/sysmon_v7_3/src"
make -C ps7_cortexa9_0/libsrc/sysmon_v7_3/src -s libs  "SHELL=CMD" "COMPILER=arm-none-eabi-gcc" "ARCHIVER=arm-none-eabi-ar" "COMPILER_FLAGS=  -O2 -c" "EXTRA_COMPILER_FLAGS=-mcpu=cortex-a9 -mfpu=vfpv3 -mfloat-abi=hard -nostartfiles"
"Compiling sysmon"
"Running Make libs in ps7_cortexa9_0/libsrc/ttcps_v3_2/src"
make -C ps7_cortexa9_0/libsrc/ttcps_v3_2/src -s libs  "SHELL=CMD" "COMPILER=arm-none-eabi-gcc" "ARCHIVER=arm-none-eabi-ar" "COMPILER_FLAGS=  -O2 -c" "EXTRA_COMPILER_FLAGS=-mcpu=cortex-a9 -mfpu=vfpv3 -mfloat-abi=hard -nostartfiles"
"Compiling ttcps"
"Running Make libs in ps7_cortexa9_0/libsrc/uartps_v3_3/src"
make -C ps7_cortexa9_0/libsrc/uartps_v3_3/src -s libs  "SHELL=CMD" "COMPILER=arm-none-eabi-gcc" "ARCHIVER=arm-none-eabi-ar" "COMPILER_FLAGS=  -O2 -c" "EXTRA_COMPILER_FLAGS=-mcpu=cortex-a9 -mfpu=vfpv3 -mfloat-abi=hard -nostartfiles"
"Compiling uartps"
"Running Make libs in ps7_cortexa9_0/libsrc/usbps_v2_4/src"
make -C ps7_cortexa9_0/libsrc/usbps_v2_4/src -s libs  "SHELL=CMD" "COMPILER=arm-none-eabi-gcc" "ARCHIVER=arm-none-eabi-ar" "COMPILER_FLAGS=  -O2 -c" "EXTRA_COMPILER_FLAGS=-mcpu=cortex-a9 -mfpu=vfpv3 -mfloat-abi=hard -nostartfiles"
"Compiling usbps"
"Running Make libs in ps7_cortexa9_0/libsrc/xadcps_v2_2/src"
make -C ps7_cortexa9_0/libsrc/xadcps_v2_2/src -s libs  "SHELL=CMD" "COMPILER=arm-none-eabi-gcc" "ARCHIVER=arm-none-eabi-ar" "COMPILER_FLAGS=  -O2 -c" "EXTRA_COMPILER_FLAGS=-mcpu=cortex-a9 -mfpu=vfpv3 -mfloat-abi=hard -nostartfiles"
"Compiling xadcps"
'Finished building libraries'
16:43:11 **** Build of configuration Debug for project motorcontrol ****
make pre-build main-build 
a9-linaro-pre-build-step
' '
'Building file: ../src/helloworld.c'
'Invoking: ARM v7 gcc compiler'
arm-none-eabi-gcc -Wall -O0 -g3 -c -fmessage-length=0 -MT"src/helloworld.o" -mcpu=cortex-a9 -mfpu=vfpv3 -mfloat-abi=hard -I../../motorcontrol_bsp/ps7_cortexa9_0/include -MMD -MP -MF"src/helloworld.d" -MT"src/helloworld.o" -o "src/helloworld.o" "../src/helloworld.c"
../src/helloworld.c:60:22: warning: 'XADC_SR' defined but not used [-Wunused-variable]
 static volatile u32 *XADC_SR   = (u32*) (((u32)XADC_BASE_ADDR)+0x00000004);
                      ^
../src/helloworld.c:67:22: warning: 'XADC_VAUX_06' defined but not used [-Wunused-variable]
 static volatile u32 *XADC_VAUX_06  = (u32*) (((u32)XADC_BASE_ADDR)+0x00000258);
                      ^
../src/helloworld.c:68:22: warning: 'XADC_VAUX_07' defined but not used [-Wunused-variable]
 static volatile u32 *XADC_VAUX_07  = (u32*) (((u32)XADC_BASE_ADDR)+0x0000025C);
                      ^
../src/helloworld.c:69:22: warning: 'XADC_VAUX_14' defined but not used [-Wunused-variable]
 static volatile u32 *XADC_VAUX_14  = (u32*) (((u32)XADC_BASE_ADDR)+0x00000278);
                      ^
../src/helloworld.c:70:22: warning: 'XADC_VAUX_15' defined but not used [-Wunused-variable]
 static volatile u32 *XADC_VAUX_15  = (u32*) (((u32)XADC_BASE_ADDR)+0x0000027C);
                      ^
../src/helloworld.c:75:22: warning: 'BTNS_DATA' defined but not used [-Wunused-variable]
 static volatile u32 *BTNS_DATA   = (u32*) (((u32)BTNS_SLDR_BASE_ADDR)+0x00000000);
                      ^
../src/helloworld.c:77:22: warning: 'SLDR_DATA' defined but not used [-Wunused-variable]
 static volatile u32 *SLDR_DATA   = (u32*) (((u32)BTNS_SLDR_BASE_ADDR)+0x00000008);
                      ^
../src/helloworld.c:80:22: warning: 'BTNS_SLDR_IPISR' defined but not used [-Wunused-variable]
 static volatile u32 *BTNS_SLDR_IPISR = (u32*) (((u32)BTNS_SLDR_BASE_ADDR)+0x00000120);
                      ^
../src/helloworld.c:88:22: warning: 'LEDS_SPY_IPISR' defined but not used [-Wunused-variable]
 static volatile u32 *LEDS_SPY_IPISR  = (u32*) (((u32)LEDS_SPY_BASE_ADDR)+0x00000120);
                      ^
'Finished building: ../src/helloworld.c'
' '
'Building file: ../src/platform.c'
'Invoking: ARM v7 gcc compiler'
arm-none-eabi-gcc -Wall -O0 -g3 -c -fmessage-length=0 -MT"src/platform.o" -mcpu=cortex-a9 -mfpu=vfpv3 -mfloat-abi=hard -I../../motorcontrol_bsp/ps7_cortexa9_0/include -MMD -MP -MF"src/platform.d" -MT"src/platform.o" -o "src/platform.o" "../src/platform.c"
'Finished building: ../src/platform.c'
' '
'Building target: motorcontrol.elf'
'Invoking: ARM v7 gcc linker'
arm-none-eabi-gcc -mcpu=cortex-a9 -mfpu=vfpv3 -mfloat-abi=hard -Wl,-build-id=none -specs=Xilinx.spec -Wl,-T -Wl,../src/lscript.ld -L../../motorcontrol_bsp/ps7_cortexa9_0/lib -o "motorcontrol.elf"  ./src/helloworld.o ./src/platform.o   -Wl,--start-group,-lxil,-lgcc,-lc,--end-group
'Finished building target: motorcontrol.elf'
' '
'Invoking: ARM v7 Print Size'
arm-none-eabi-size motorcontrol.elf  |tee "motorcontrol.elf.size"
   text	   data	    bss	    dec	    hex	filename
  25376	   1268	  22568	  49212	   c03c	motorcontrol.elf
'Finished building: motorcontrol.elf.size'
' '
