15:51:22 **** Auto Build of configuration Debug for project motorcontrol ****
make pre-build main-build 
a9-linaro-pre-build-step
' '
'Building file: ../src/helloworld.c'
'Invoking: ARM v7 gcc compiler'
arm-none-eabi-gcc -Wall -O0 -g3 -c -fmessage-length=0 -MT"src/helloworld.o" -mcpu=cortex-a9 -mfpu=vfpv3 -mfloat-abi=hard -I../../motorcontrol_bsp/ps7_cortexa9_0/include -MMD -MP -MF"src/helloworld.d" -MT"src/helloworld.o" -o "src/helloworld.o" "../src/helloworld.c"
'Finished building: ../src/helloworld.c'
' '
'Building target: motorcontrol.elf'
'Invoking: ARM v7 gcc linker'
arm-none-eabi-gcc -mcpu=cortex-a9 -mfpu=vfpv3 -mfloat-abi=hard -Wl,-build-id=none -specs=Xilinx.spec -Wl,-T -Wl,../src/lscript.ld -L../../motorcontrol_bsp/ps7_cortexa9_0/lib -o "motorcontrol.elf"  ./src/helloworld.o ./src/platform.o   -Wl,--start-group,-lxil,-lgcc,-lc,--end-group
'Finished building target: motorcontrol.elf'
' '
'Invoking: ARM v7 Print Size'
arm-none-eabi-size motorcontrol.elf  |tee "motorcontrol.elf.size"
   text	   data	    bss	    dec	    hex	filename
  22452	   1148	  22568	  46168	   b458	motorcontrol.elf
'Finished building: motorcontrol.elf.size'
' '

15:51:23 Build Finished (took 642ms)

