16:43:11 **** Build of configuration Debug for project motorcontrol ****
make pre-build main-build 
a9-linaro-pre-build-step
' '
'Building file: ../src/helloworld.c'
'Invoking: ARM v7 gcc compiler'
arm-none-eabi-gcc -Wall -O0 -g3 -c -fmessage-length=0 -MT"src/helloworld.o" -mcpu=cortex-a9 -mfpu=vfpv3 -mfloat-abi=hard -I../../motorcontrol_bsp/ps7_cortexa9_0/include -MMD -MP -MF"src/helloworld.d" -MT"src/helloworld.o" -o "src/helloworld.o" "../src/helloworld.c"
../src/helloworld.c:60:22: warning: 'XADC_SR' defined but not used [-Wunused-variable]
 static volatile u32 *XADC_SR   = (u32*) (((u32)XADC_BASE_ADDR)+0x00000004);
                      ^
../src/helloworld.c:67:22: warning: 'XADC_VAUX_06' defined but not used [-Wunused-variable]
 static volatile u32 *XADC_VAUX_06  = (u32*) (((u32)XADC_BASE_ADDR)+0x00000258);
                      ^
../src/helloworld.c:68:22: warning: 'XADC_VAUX_07' defined but not used [-Wunused-variable]
 static volatile u32 *XADC_VAUX_07  = (u32*) (((u32)XADC_BASE_ADDR)+0x0000025C);
                      ^
../src/helloworld.c:69:22: warning: 'XADC_VAUX_14' defined but not used [-Wunused-variable]
 static volatile u32 *XADC_VAUX_14  = (u32*) (((u32)XADC_BASE_ADDR)+0x00000278);
                      ^
../src/helloworld.c:70:22: warning: 'XADC_VAUX_15' defined but not used [-Wunused-variable]
 static volatile u32 *XADC_VAUX_15  = (u32*) (((u32)XADC_BASE_ADDR)+0x0000027C);
                      ^
../src/helloworld.c:75:22: warning: 'BTNS_DATA' defined but not used [-Wunused-variable]
 static volatile u32 *BTNS_DATA   = (u32*) (((u32)BTNS_SLDR_BASE_ADDR)+0x00000000);
                      ^
../src/helloworld.c:77:22: warning: 'SLDR_DATA' defined but not used [-Wunused-variable]
 static volatile u32 *SLDR_DATA   = (u32*) (((u32)BTNS_SLDR_BASE_ADDR)+0x00000008);
                      ^
../src/helloworld.c:80:22: warning: 'BTNS_SLDR_IPISR' defined but not used [-Wunused-variable]
 static volatile u32 *BTNS_SLDR_IPISR = (u32*) (((u32)BTNS_SLDR_BASE_ADDR)+0x00000120);
                      ^
../src/helloworld.c:88:22: warning: 'LEDS_SPY_IPISR' defined but not used [-Wunused-variable]
 static volatile u32 *LEDS_SPY_IPISR  = (u32*) (((u32)LEDS_SPY_BASE_ADDR)+0x00000120);
                      ^
'Finished building: ../src/helloworld.c'
' '
'Building file: ../src/platform.c'
'Invoking: ARM v7 gcc compiler'
arm-none-eabi-gcc -Wall -O0 -g3 -c -fmessage-length=0 -MT"src/platform.o" -mcpu=cortex-a9 -mfpu=vfpv3 -mfloat-abi=hard -I../../motorcontrol_bsp/ps7_cortexa9_0/include -MMD -MP -MF"src/platform.d" -MT"src/platform.o" -o "src/platform.o" "../src/platform.c"
'Finished building: ../src/platform.c'
' '
'Building target: motorcontrol.elf'
'Invoking: ARM v7 gcc linker'
arm-none-eabi-gcc -mcpu=cortex-a9 -mfpu=vfpv3 -mfloat-abi=hard -Wl,-build-id=none -specs=Xilinx.spec -Wl,-T -Wl,../src/lscript.ld -L../../motorcontrol_bsp/ps7_cortexa9_0/lib -o "motorcontrol.elf"  ./src/helloworld.o ./src/platform.o   -Wl,--start-group,-lxil,-lgcc,-lc,--end-group
'Finished building target: motorcontrol.elf'
' '
'Invoking: ARM v7 Print Size'
arm-none-eabi-size motorcontrol.elf  |tee "motorcontrol.elf.size"
   text	   data	    bss	    dec	    hex	filename
  25376	   1268	  22568	  49212	   c03c	motorcontrol.elf
'Finished building: motorcontrol.elf.size'
' '

16:43:13 Build Finished (took 2s.22ms)

